// Jest Snapshot v1, https://goo.gl/fbAQLP

exports[`<App /> snapshots renders correctly 1`] = `null`;
